.next/types/validator.ts(87,39): error TS2307: Cannot find module '../../src/app/log/page.js' or its corresponding type declarations.
